// Vitest Snapshot v1, https://vitest.dev/guide/snapshot.html

exports[`renders the base structure 1`] = `
<header
  data-component-name="AppHeader"
>
  <div
    style="margin-left: 25px; display: flex; flex-direction: row; align-items: center;"
  >
    <h1>
      Welcome To The Every.io Code Challenge.
    </h1>
    <div
      style="margin-left: 50px;"
    >
      <a
        href="https://www.figma.com/proto/kd49ArXbBt0vi1kBSLkmC1/Code-Challenge?node-id=1%3A2&scaling=min-zoom&page-id=0%3A1"
        rel="noreferrer"
        style="color: white; background: black; padding: 8px; border-radius: 4px; display: inline-block;"
        target="_blank"
      >
        Checkout the Prototype
      </a>
    </div>
  </div>
</header>
`;
